// Vitest Snapshot v1, https://vitest.dev/guide/snapshot.html

exports[`Security Headers > Snapshot test per configurazione completa > dovrebbe avere configurazione headers invariabile 1`] = `
{
  "content-security-policy": "default-src 'none';frame-ancestors 'none';base-uri 'none';font-src 'self' https: data:;form-action 'self';img-src 'self' data:;object-src 'none';script-src 'self';script-src-attr 'none';style-src 'self' https: 'unsafe-inline';upgrade-insecure-requests",
  "referrer-policy": "no-referrer",
  "strict-transport-security": undefined,
  "x-content-type-options": "nosniff",
  "x-dns-prefetch-control": "off",
  "x-frame-options": "DENY",
}
`;
